Initializing Rhino Platform Env
Initializing Window.
Defining Document
Defining Attr
Defining CDATASection
Defining Comment
Defining DocumentType
Defining Element
Defining DocumentFragment
Defining DOMImplementation
Initializing document.implementation
Defining ProcessingInstruction
Defining Node
Defining NodeList
Defining DOMParser
Initializing Internal DOMParser.
Defining Text
Defining HTMLDocument
Defining HTMLElement
Defining HTMLFormElement
Defining HTMLCollection
Defining HTMLAnchorElement
Defining Event
Defining MouseEvent
Defining MouseEvent
Initializing Window Location.
Initializing Window History.
Initializing Window Navigator.
Initializing Window Timer.
Initializing Window Event.
Initializing Window XMLHttpRequest.
Initializing Window CSS
Initializing Window Screen.
Initializing Window Dialogs.
Initializing window.document.
Adding window.document features.
Loading url into DOM Document: test/index.html - (Asynch? false)
XHR sending synch;
Sucessfully loaded document.
Creating new Event
dispatching event load
Handling onload for test.js
adding event listener unload
<div>
makeNode => Node is null!
PASS (1) [dom] Array.push()
PASS (2) [dom] Function.apply()
PASS (3) [dom] getElementById
PASS (4) [dom] getElementsByTagName
PASS (5) [dom] RegExp
PASS (6) [dom] jQuery
PASS (7) [dom] $
<div>
makeNode => Node is null!
PASS (8) [dom] Can get Element by id, expected id='body'
PASS (9) [dom] Can get Element by id, expected id='header'
PASS (10) [dom] Can get Element by id, expected id='banner'
PASS (11) [dom] Can get Element by id, expected id='userAgent'
PASS (12) [dom] Can get Element by id, expected id='nothiddendiv'
PASS (13) [dom] Can get Element by id, expected id='nothiddendivchild'
PASS (14) [dom] Can get Element by id, expected id='loadediframe'
PASS (15) [dom] Can get Element by id, expected id='dl'
PASS (16) [dom] Can get Element by id, expected id='main'
makeNode => Node is null!
TypeError: Cannot read property "id" from null
makeNode => Node is null!
TypeError: Cannot read property "id" from null
makeNode => Node is null!
TypeError: Cannot read property "id" from null
makeNode => Node is null!
TypeError: Cannot read property "id" from null
makeNode => Node is null!
TypeError: Cannot read property "id" from null
FAIL (17) [dom] Wrong number of tests run. 9 ran, expected 14
<!DOCTYPE html PUBLIC "-//W3C//DTD XHTML 1.0 Transitional//EN" "http://www.w3.org/TR/xhtml1/DTD/xhtml1-transitional.dtd">
<html dir='ltr'  id='html'  lang='en'  xml:lang='en'  xmlns='http://www.w3.org/1999/xhtml' >
<head>
	<meta content='text/html; charset=utf-8'  http-equiv='Content-Type' />
	<title>jQuery Test Suite</title>
	<link href='data/testsuite.css'  media='screen'  rel='Stylesheet' />
	<!--  Includes  -->
	<script type='text/javascript'  xml:space='preserve' >
		var jQuery = this.jQuery || "jQuery", // For testing .noConflict()
			$ = this.$ || "$",
			originaljQuery = jQuery,
			original$ = $;
	</script>
	<script src='../dist/jquery.js'  type='text/javascript'  xml:space='preserve' />
	<script src='data/testrunner.js'  type='text/javascript'  xml:space='preserve' />
	<script src='unit/core.js'  type='text/javascript'  xml:space='preserve' />
	<script src='unit/dimensions.js'  type='text/javascript'  xml:space='preserve' />
	<script src='unit/selector.js'  type='text/javascript'  xml:space='preserve' />
	<script src='unit/event.js'  type='text/javascript'  xml:space='preserve' />
	<script src='unit/ajax.js'  type='text/javascript'  xml:space='preserve' />
	<script src='unit/fx.js'  type='text/javascript'  xml:space='preserve' />
</head>

<body id='body' >
	<h1 id='header' >jQuery Test Suite</h1>
	<h2 id='banner' />
	<h2 id='userAgent' />
	
	<!--  Test HTML  -->
	<div id='nothiddendiv'  style='height:1px;background:white;' >
		<div id='nothiddendivchild' />
	</div>
	<!--  this iframe is outside the #main so it won't reload constantly wasting time, but it means the tests must be "safe" and clean up after themselves  -->
	<iframe frameborder='1'  id='loadediframe'  name='loadediframe'  scrolling='auto'  src='data/iframe.html'  style='display:none;' />
	<dl id='dl'  style='display:none;' >
	<div id='main'  style='display: none;' >
		<p id='firstp' >See <a href='http://simon.incutio.com/archive/2003/03/25/#getElementsBySelector'  id='simon1'  rel='bookmark'  shape='rect' >this blog entry</a> for more information.</p>
		<p id='ap' >
			Here are some links in a normal paragraph: <a href='http://www.google.com/'  id='google'  shape='rect'  title='Google!' >Google</a>, 
			<a href='http://groups.google.com/'  id='groups'  shape='rect' >Google Groups</a>. 
			This link has <code><a href='http://smin'  id='anchor1'  shape='rect' >class="blog"</a></code>: 
			<a class='blog'  href='http://diveintomark.org/'  hreflang='en'  id='mark'  shape='rect' >diveintomark</a>

		</p>
		<div id='foo' >
			<p id='sndp' >Everything inside the red border is inside a div with <code>id="foo"</code>.</p>
			<p id='en'  lang='en' >This is a normal link: <a class='blogTest'  href='http://www.yahoo.com/'  id='yahoo'  shape='rect' >Yahoo</a></p>
			<p id='sap' >This link has <code><a href='#2'  id='anchor2'  shape='rect' >class="blog"</a></code>: <a class='blog link'  href='http://simon.incutio.com/'  id='simon'  shape='rect' >Simon Willison's Weblog</a></p>

		</div>
		<p id='first' >Try them out:</p>
		<ul id='firstUL' />
		<ol id='empty' />
		<form action='formaction'  enctype='application/x-www-form-urlencoded'  id='form'  method='get' >
			<input id='text1'  maxlength='30'  name='action'  type='text'  value='Test' />
			<input disabled='disabled'  id='text2'  name='text2'  type='text'  value='Test' />
			<input id='radio1'  name='radio1'  type='radio'  value='on' />

			<input checked='checked'  id='radio2'  name='radio2'  type='radio' />
			<input checked='checked'  id='check1'  name='check'  type='checkbox' />
			<input id='check2'  type='checkbox'  value='on' />

			<input id='hidden1'  name='hidden'  type='hidden' />
			<input id='hidden2'  name='foo[bar]'  style='display:none;'  type='text' />
			
			<input id='name'  name='name'  type='text'  value='name' />
			
			<button id='button'  name='button'  type='submit' >Button</button>
			
			<textarea id='area1'  maxlength='30' >foobar</textarea>
			
			<select id='select1'  name='select1' >
				<option class='emptyopt'  id='option1a'  value='' >Nothing</option>
				<option id='option1b'  value='1' >1</option>
				<option id='option1c'  value='2' >2</option>
				<option id='option1d'  value='3' >3</option>
			</select>
			<select id='select2'  name='select2' >
				<option class='emptyopt'  id='option2a'  value='' >Nothing</option>
				<option id='option2b'  value='1' >1</option>
				<option id='option2c'  value='2' >2</option>
				<option id='option2d'  selected='selected'  value='3' >3</option>
			</select>
			<select id='select3'  multiple='multiple'  name='select3' >
				<option class='emptyopt'  id='option3a'  value='' >Nothing</option>
				<option id='option3b'  selected='selected'  value='1' >1</option>
				<option id='option3c'  selected='selected'  value='2' >2</option>
				<option id='option3d'  value='3' >3</option>
			</select>
			
			<object codebase='stupid'  id='object1' >
				<param name='p1'  value='x1'  valuetype='data' />
				<param name='p2'  value='x2'  valuetype='data' />
			</object>
			
			<span id='??Ta?ibe?i' />
			<span id='??'  lang='??' />
			<span class='??Ta?ibe?i ??'  id='utf8class1' />
			<span class='??'  id='utf8class2' />
			<span class='foo:bar'  id='foo:bar' />
			<span class='test.foo[5]bar'  id='test.foo[5]bar' />
			
			<foo_bar id='foobar' >test element</foo_bar>
		</form>
		<b id='floatTest' >Float test.</b>
		<iframe frameborder='1'  id='iframe'  name='iframe'  scrolling='auto' />
		<form enctype='application/x-www-form-urlencoded'  id='lengthtest'  method='get' >
			<input id='length'  name='test'  type='text' />
			<input id='idTest'  name='id'  type='text' />
		</form>
		<table id='table' />
		
		<div id='fx-queue' >
			<div class='chain test'  id='fadein' >fadeIn<div>fadeIn</div></div>
			<div class='chain test out'  id='fadeout' >fadeOut<div>fadeOut</div></div>
			
			<div class='chain test'  id='show' >show<div>show</div></div>
			<div class='chain test out'  id='hide' >hide<div>hide</div></div>
			
			<div class='chain test'  id='togglein' >togglein<div>togglein</div></div>
			<div class='chain test out'  id='toggleout' >toggleout<div>toggleout</div></div>
		
			
			<div class='chain test'  id='slideup' >slideUp<div>slideUp</div></div>
			<div class='chain test out'  id='slidedown' >slideDown<div>slideDown</div></div>
			
			<div class='chain test'  id='slidetogglein' >slideToggleIn<div>slideToggleIn</div></div>
			<div class='chain test out'  id='slidetoggleout' >slideToggleOut<div>slideToggleOut</div></div>
		</div>
		
		<div id='fx-tests' />

		<form action='#'  enctype='application/x-www-form-urlencoded'  id='testForm'  method='get' >
			<textarea cols='15'  name='T3'  rows='2' >?
Z</textarea>
			<input name='H1'  type='hidden'  value='x' />
			<input name='H2'  type='hidden' />
			<input name='PWD'  type='password'  value='' />
			<input name='T1'  type='text' />
			<input name='T2'  readonly='readonly'  type='text'  value='YES' />
			<input name='C1'  type='checkbox'  value='1' />
			<input name='C2'  type='checkbox' />
			<input name='R1'  type='radio'  value='1' />
			<input name='R1'  type='radio'  value='2' />
			<input name='My Name'  type='text'  value='me' />
			<input name='reset'  type='reset'  value='NO' />
			<select name='S1' >
				<option value='abc' >ABC</option>
				<option value='abc' >ABC</option>
				<option value='abc' >ABC</option>
			</select>
			<select multiple='multiple'  name='S2'  size='3' >
				<option value='abc' >ABC</option>
				<option value='abc' >ABC</option>
				<option value='abc' >ABC</option>
			</select>
			<select name='S3' >
				<option selected='selected' >YES</option>
			</select>
			<select name='S4' >
				<option selected='selected'  value='' >NO</option>
			</select>
			<input name='sub1'  type='submit'  value='NO' />
			<input name='sub2'  type='submit'  value='NO' />
			<input name='sub3'  type='image'  value='NO' />
			<button name='sub4'  type='submit'  value='NO' >NO</button>
			<input disabled='disabled'  name='D1'  type='text'  value='NO' />
			<input checked='checked'  disabled='disabled'  name='D2'  type='checkbox'  value='NO' />
			<input checked='checked'  disabled='disabled'  name='D3'  type='radio'  value='NO' />
			<select disabled='disabled'  name='D4' >
				<option selected='selected'  value='NO' >NO</option>
			</select>
		</form>
		<div id='moretests' >
			<form enctype='application/x-www-form-urlencoded'  method='get' >
				<div id='checkedtest'  style='display:none;' >
					<input checked='checked'  name='checkedtestradios'  type='radio' />
					<input name='checkedtestradios'  type='radio'  value='on' />
					<input checked='checked'  name='checkedtestcheckboxes'  type='checkbox' />
					<input name='checkedtestcheckboxes'  type='checkbox' />
				</div>
			</form>
			<div id='nonnodes' ><span>hi</span> there <!--   mon ami   --></div>
			<div id='t2037' >
				<div><div class='hidden' >hidden</div></div>
			</div>
		</div>
	</div>
	
	</dl>
	<ol id='tests' />
</body>
</html>
<div>
makeNode => Node is null!
PASS (18) [core] Array.push()
PASS (19) [core] Function.apply()
PASS (20) [core] getElementById
PASS (21) [core] getElementsByTagName
PASS (22) [core] RegExp
PASS (23) [core] jQuery
PASS (24) [core] $
<div>
makeNode => Node is null!
makeNode => Node is null!
makeNode => Node is null!
makeNode => Node is null!
		a[0]=null
		a[1]=null
		a[2]=null
FAIL (25) [core] Basic selector with jQuery object as context expected: [ , ,  ] result: [  ]
<div>
makeNode => Node is null!
PASS (26) [core] Correct number of elements generated for code: 1
<div>
makeNode => Node is null!
PASS (27) [core] Correct number of elements generated for img: 1
<div>
makeNode => Node is null!
PASS (28) [core] Correct number of elements generated for div hr code b: 4
PASS (29) [core] Correct number of elements generated for window: 1
PASS (30) [core] Correct number of elements generated for document: 1
PASS (31) [core] Test passing an array to the factory: 2
FAIL (32) [core] Test passing an html node to the factory actual: <body#body> expected: undefined
<div>
makeNode => Node is null!
PASS (33) [core] Checking UA string: 6.0
PASS (34) [core] Checking UA string: 7.0
PASS (35) [core] Checking UA string: 1.7.12
PASS (36) [core] Checking UA string: 1.8.1.3
PASS (37) [core] Checking UA string: 1.7.5
PASS (38) [core] Checking UA string: 1.8.0.11
PASS (39) [core] Checking UA string: 9.20
PASS (40) [core] Checking UA string: 9.20
PASS (41) [core] Checking UA string: 9.20
PASS (42) [core] Checking UA string: 418.9
PASS (43) [core] Checking UA string: 418.8
PASS (44) [core] Checking UA string: 312.8
PASS (45) [core] Checking UA string: null
<div>
makeNode => Node is null!
PASS (46) [core] noConflict returned the jQuery object: 
function (selector, context) {
    return new jQuery.fn.init(selector, context);
}

PASS (47) [core] Make sure jQuery wasn't touched.: 
function (selector, context) {
    return new jQuery.fn.init(selector, context);
}

PASS (48) [core] Make sure $ was reverted.: $
PASS (49) [core] noConflict returned the jQuery object: 
function (selector, context) {
    return new jQuery.fn.init(selector, context);
}

PASS (50) [core] Make sure jQuery was reverted.: jQuery
PASS (51) [core] Make sure $ was reverted.: $
<div>
makeNode => Node is null!
PASS (52) [core] No Value
PASS (53) [core] null Value
PASS (54) [core] undefined Value
PASS (55) [core] Empty String Value
PASS (56) [core] 0 Value
PASS (57) [core] String Function(function String() { [native code for String.String, arity=1] }
)
PASS (58) [core] Array Function(function Array() { [native code for Array.Array, arity=1] }
)
PASS (59) [core] Object Function(function Object() { [native code for Object.Object, arity=1] }
)
PASS (60) [core] Function Function(function Function() { [native code for Function.Function, arity=1] }
)
PASS (61) [core] Function String
PASS (62) [core] Function Array
PASS (63) [core] Function Object
PASS (64) [core] Normal Function
PASS (65) [core] Object Element
PASS (66) [core] getAttribute Function
PASS (67) [core] childNodes Property
PASS (68) [core] A normal DOM Element
FAIL (69) [core] A default function property
PASS (70) [core] Anchor Element
PASS (71) [core] Recursive Function Call
PASS (72) [core] Recursive Function Call
<div>
makeNode => Node is null!
<div>
makeNode => Node is null!
<div>
makeNode => Node is null!
PASS (73) [core] Creating a script
PASS (74) [core] Make sure the script wasn't executed prematurely
FAIL (75) [core] Executing a scripts contents in the right context
<div>
makeNode => Node is null!
<div>
makeNode => Node is null!
PASS (76) [core] Creating a link
<div>
makeNode => Node is null!
<div>
makeNode => Node is null!
PASS (77) [core] Check node,textnode,comment creation (some browsers delete comments)
<div>
makeNode => Node is null!
PASS (78) [core] Make sure that options are auto-selected #2050
<div>
makeNode => Node is null!
<div>
makeNode => Node is null!
<div>
makeNode => Node is null!
PASS (79) [core] Verify a span created with a div context works, #1763: 1
<div>
makeNode => Node is null!
0
FAIL (80) [core] Get Number of Elements Found actual: 0 expected: 6
<div>
makeNode => Node is null!
FAIL (81) [core] Get Number of Elements Found actual: 0 expected: 6
<div>
makeNode => Node is null!
